编译尝试: 1
开始时间: 2026-10-02T11:46:19Z
当前 KSU 最新提交日期: 未知
当前 SUSFS 最新提交日期: 2026-09-26 01:48:27 +0800
+ cd /home/runner/work/MEIZU21GKI/MEIZU21GKI/android14-6.1-25
+ sed -i s/BUILD_SYSTEM_DLKM=1/BUILD_SYSTEM_DLKM=0/ ./common/build.config.gki.aarch64
+ sed -i '/MODULES_ORDER=android\/gki_aarch64_modules/d' ./common/build.config.gki.aarch64
+ sed -i /KMI_SYMBOL_LIST_STRICT_MODE/d ./common/build.config.gki.aarch64
+ '[' -f build/build.sh ']'
+ FRAG=common/arch/arm64/configs/ksu.fragment
+ diff /home/runner/work/MEIZU21GKI/MEIZU21GKI/android14-6.1-25/common/arch/arm64/configs/gki_defconfig.orig /home/runner/work/MEIZU21GKI/MEIZU21GKI/android14-6.1-25/common/arch/arm64/configs/gki_defconfig
+ grep '^>'
+ sed 's/^> //; s/^[[:space:]]*//'
+ true
+ cp /home/runner/work/MEIZU21GKI/MEIZU21GKI/android14-6.1-25/common/arch/arm64/configs/gki_defconfig.orig /home/runner/work/MEIZU21GKI/MEIZU21GKI/android14-6.1-25/common/arch/arm64/configs/gki_defconfig
+ echo '=== KSU Fragment 内容 ==='
=== KSU Fragment 内容 ===
+ cat common/arch/arm64/configs/ksu.fragment
CONFIG_TMPFS_XATTR=y
CONFIG_TMPFS_POSIX_ACL=y
CONFIG_KSU=y
# CONFIG_TRIM_UNUSED_KSYMS is not set
# CONFIG_PANIC_ON_OOPS is not set
CONFIG_PANIC_TIMEOUT=30

CONFIG_KSU_SUSFS=y
CONFIG_KSU_SUSFS_SUS_PATH=y
CONFIG_KSU_SUSFS_SUS_MOUNT=y
CONFIG_KSU_SUSFS_SUS_KSTAT=y
CONFIG_KSU_SUSFS_SPOOF_UNAME=y
CONFIG_KSU_SUSFS_ENABLE_LOG=y
CONFIG_KSU_SUSFS_HIDE_KSU_SUSFS_SYMBOLS=y
CONFIG_KSU_SUSFS_SPOOF_CMDLINE_OR_BOOTCONFIG=y
CONFIG_KSU_SUSFS_OPEN_REDIRECT=y
CONFIG_KSU_SUSFS_SUS_MAP=y
+ echo =========================
=========================
+ FRAG_FLAG=
+ '[' -s common/arch/arm64/configs/ksu.fragment ']'
+ FRAG_FLAG=--defconfig_fragment=//common:arch/arm64/configs/ksu.fragment
+ '[' none = auto ']'
+ LTO_FLAG=--lto=none
+ echo LTO_FLAG=--lto=none
LTO_FLAG=--lto=none
+ '[' -f /home/runner/work/MEIZU21GKI/MEIZU21GKI/device/meizu21/module_kmi_manifest.txt ']'
+ python3 /home/runner/work/MEIZU21GKI/MEIZU21GKI/tools/apply_kmi_shim.py --kernel-root /home/runner/work/MEIZU21GKI/MEIZU21GKI/android14-6.1-25/common
python3: can't open file '/home/runner/work/MEIZU21GKI/MEIZU21GKI/tools/apply_kmi_shim.py': [Errno 2] No such file or directory
+ exit 1
结束时间: 2026-10-02T11:46:19Z
退出码: 1
